2026/04/22 13:49:51 Connecting to SQLite database
2026/04/22 13:49:51 Running AutoMigrate...
2026/04/22 13:49:51 Starting server on port 8080
2026/04/22 13:50:16 "GET http://localhost:8080/ HTTP/1.1" from [::1]:60604 - 200 458B in 3.092006ms
2026/04/22 13:50:16 "GET http://localhost:8080/assets/index-Co_tuGck.js HTTP/1.1" from [::1]:60604 - 200 434857B in 453.428µs
2026/04/22 13:50:16 "GET http://localhost:8080/assets/index-D0VPBroB.css HTTP/1.1" from [::1]:60606 - 200 29293B in 226.188µs
2026/04/22 13:50:16 "GET http://localhost:8080/api/companies HTTP/1.1" from [::1]:60604 - 200 2B in 2.038357ms
2026/04/22 13:50:16 "GET http://localhost:8080/add-company HTTP/1.1" from [::1]:60604 - 200 458B in 84.113µs
2026/04/22 13:50:16 "GET http://localhost:8080/assets/index-D0VPBroB.css HTTP/1.1" from [::1]:60606 - 200 29293B in 258.235µs
2026/04/22 13:50:16 "GET http://localhost:8080/assets/index-Co_tuGck.js HTTP/1.1" from [::1]:60604 - 200 434857B in 442.326µs
2026/04/22 13:50:16 "GET http://localhost:8080/api/companies HTTP/1.1" from [::1]:60604 - 200 2B in 233.765µs
2026/04/22 13:50:17 "POST http://localhost:8080/api/providers/test HTTP/1.1" from [::1]:60604 - 200 94B in 91.928µs
2026/04/22 13:50:17 "POST http://localhost:8080/api/providers HTTP/1.1" from [::1]:60604 - 201 246B in 4.372606ms
2026/04/22 13:50:17 "POST http://localhost:8080/api/companies HTTP/1.1" from [::1]:60604 - 201 164B in 6.02283ms
2026/04/22 13:50:17 "POST http://localhost:8080/api/agents HTTP/1.1" from [::1]:60604 - 201 569B in 11.052419ms
2026/04/22 13:50:17 "GET http://localhost:8080/companies/pw-inc HTTP/1.1" from [::1]:60604 - 200 458B in 33.546µs
2026/04/22 13:50:17 "GET http://localhost:8080/assets/index-D0VPBroB.css HTTP/1.1" from [::1]:60606 - 200 29293B in 153.422µs
2026/04/22 13:50:17 "GET http://localhost:8080/assets/index-Co_tuGck.js HTTP/1.1" from [::1]:60604 - 200 434857B in 447.862µs
2026/04/22 13:50:17 "GET http://localhost:8080/api/companies HTTP/1.1" from [::1]:60604 - 200 166B in 434.508µs
2026/04/22 13:50:17 "GET http://localhost:8080/api/activities?company_id=1 HTTP/1.1" from [::1]:60604 - 200 550B in 559.507µs
2026/04/22 13:50:19 "GET http://localhost:8080/companies/pw-inc HTTP/1.1" from [::1]:60604 - 200 458B in 46.263µs
2026/04/22 13:50:19 "GET http://localhost:8080/assets/index-D0VPBroB.css HTTP/1.1" from [::1]:60606 - 200 29293B in 134.338µs
2026/04/22 13:50:19 "GET http://localhost:8080/assets/index-Co_tuGck.js HTTP/1.1" from [::1]:60604 - 200 434857B in 356.196µs
2026/04/22 13:50:19 "GET http://localhost:8080/api/companies HTTP/1.1" from [::1]:60604 - 200 166B in 357.366µs
2026/04/22 13:50:19 "GET http://localhost:8080/api/activities?company_id=1 HTTP/1.1" from [::1]:60604 - 200 550B in 438.212µs
2026/04/22 13:50:19 "GET http://localhost:8080/companies/pw-inc/agents/1 HTTP/1.1" from [::1]:60604 - 200 458B in 37.727µs
2026/04/22 13:50:19 "GET http://localhost:8080/assets/index-Co_tuGck.js HTTP/1.1" from [::1]:60604 - 200 434857B in 379.277µs
2026/04/22 13:50:19 "GET http://localhost:8080/assets/index-D0VPBroB.css HTTP/1.1" from [::1]:60606 - 200 29293B in 110.227µs
2026/04/22 13:50:19 "GET http://localhost:8080/api/companies HTTP/1.1" from [::1]:60604 - 200 166B in 369.008µs
2026/04/22 13:50:19 "GET http://localhost:8080/api/agents/1 HTTP/1.1" from [::1]:60604 - 200 569B in 1.128375ms
2026/04/22 13:50:19 "GET http://localhost:8080/api/agents/1/stats HTTP/1.1" from [::1]:60606 - 200 77B in 1.123519ms
2026/04/22 13:50:19 "GET http://localhost:8080/api/providers HTTP/1.1" from [::1]:60620 - 200 248B in 983.344µs
2026/04/22 13:50:19 "GET http://localhost:8080/companies/pw-inc HTTP/1.1" from [::1]:60620 - 200 458B in 38.717µs
2026/04/22 13:50:19 "GET http://localhost:8080/assets/index-D0VPBroB.css HTTP/1.1" from [::1]:60606 - 200 29293B in 87.319µs
2026/04/22 13:50:19 "GET http://localhost:8080/assets/index-Co_tuGck.js HTTP/1.1" from [::1]:60620 - 200 434857B in 277.33µs
2026/04/22 13:50:19 "GET http://localhost:8080/api/companies HTTP/1.1" from [::1]:60620 - 200 166B in 358.154µs
2026/04/22 13:50:19 "GET http://localhost:8080/api/activities?company_id=1 HTTP/1.1" from [::1]:60620 - 200 550B in 660.383µs
2026/04/22 13:50:19 "GET http://localhost:8080/api/companies HTTP/1.1" from [::1]:60620 - 200 166B in 320.631µs
2026/04/22 13:50:19 "GET http://localhost:8080/api/projects?company_id=1 HTTP/1.1" from [::1]:60606 - 200 2B in 347.541µs
2026/04/22 13:50:19 "POST http://localhost:8080/api/projects HTTP/1.1" from [::1]:60606 - 201 325B in 8.755383ms
2026/04/22 13:50:19 "GET http://localhost:8080/api/projects?company_id=1 HTTP/1.1" from [::1]:60606 - 200 327B in 284.022µs
2026/04/22 13:50:20 "GET http://localhost:8080/companies/pw-inc/tasks HTTP/1.1" from [::1]:60606 - 200 458B in 35.897µs
2026/04/22 13:50:20 "GET http://localhost:8080/assets/index-Co_tuGck.js HTTP/1.1" from [::1]:60606 - 200 434857B in 893.179µs
2026/04/22 13:50:20 "GET http://localhost:8080/assets/index-D0VPBroB.css HTTP/1.1" from [::1]:60620 - 200 29293B in 204.524µs
2026/04/22 13:50:20 "GET http://localhost:8080/api/companies HTTP/1.1" from [::1]:60606 - 200 166B in 343.416µs
2026/04/22 13:50:20 "GET http://localhost:8080/api/sprints?company_id=1 HTTP/1.1" from [::1]:60620 - 200 2B in 369.619µs
2026/04/22 13:50:20 "GET http://localhost:8080/api/projects?company_id=1 HTTP/1.1" from [::1]:60606 - 200 327B in 388.202µs
2026/04/22 13:50:20 "GET http://localhost:8080/api/ws HTTP/1.1" from [::1]:60634 - 000 0B in 436.236µs
2026/04/22 13:50:20 "GET http://localhost:8080/api/tasks?company_id=1&archived=false HTTP/1.1" from [::1]:60604 - 200 2B in 2.24408ms
2026/04/22 13:50:21 "GET http://localhost:8080/companies/pw-inc/sprints HTTP/1.1" from [::1]:60604 - 200 458B in 37.89µs
2026/04/22 13:50:21 "GET http://localhost:8080/assets/index-Co_tuGck.js HTTP/1.1" from [::1]:60604 - 200 434857B in 286.636µs
2026/04/22 13:50:21 "GET http://localhost:8080/assets/index-D0VPBroB.css HTTP/1.1" from [::1]:60606 - 200 29293B in 128.55µs
2026/04/22 13:50:21 "GET http://localhost:8080/api/companies HTTP/1.1" from [::1]:60604 - 200 166B in 314.133µs
2026/04/22 13:50:21 "GET http://localhost:8080/api/sprints?company_id=1 HTTP/1.1" from [::1]:60604 - 200 2B in 273.054µs
2026/04/22 13:50:21 "POST http://localhost:8080/api/sprints HTTP/1.1" from [::1]:60604 - 201 343B in 6.727607ms
2026/04/22 13:50:21 "GET http://localhost:8080/api/sprints?company_id=1 HTTP/1.1" from [::1]:60604 - 200 345B in 299.22µs
2026/04/22 13:50:21 "GET http://localhost:8080/companies/pw-inc/tasks HTTP/1.1" from [::1]:60604 - 200 458B in 34.703µs
2026/04/22 13:50:21 "GET http://localhost:8080/assets/index-D0VPBroB.css HTTP/1.1" from [::1]:60606 - 200 29293B in 101.505µs
2026/04/22 13:50:21 "GET http://localhost:8080/assets/index-Co_tuGck.js HTTP/1.1" from [::1]:60604 - 200 434857B in 236.572µs
2026/04/22 13:50:21 "GET http://localhost:8080/api/companies HTTP/1.1" from [::1]:60604 - 200 166B in 274.242µs
2026/04/22 13:50:21 "GET http://localhost:8080/api/projects?company_id=1 HTTP/1.1" from [::1]:60604 - 200 327B in 314.019µs
2026/04/22 13:50:21 "GET http://localhost:8080/api/sprints?company_id=1 HTTP/1.1" from [::1]:60606 - 200 345B in 155.346µs
2026/04/22 13:50:21 "GET http://localhost:8080/api/tasks?company_id=1&archived=false HTTP/1.1" from [::1]:60606 - 200 2B in 268.472µs
2026/04/22 13:50:21 "GET http://localhost:8080/api/ws HTTP/1.1" from [::1]:42598 - 000 0B in 100.66µs
2026/04/22 13:50:22 "GET http://localhost:8080/api/projects?company_id=1 HTTP/1.1" from [::1]:60606 - 200 327B in 376.568µs
2026/04/22 13:50:22 "GET http://localhost:8080/api/sprints?company_id=1 HTTP/1.1" from [::1]:60604 - 200 345B in 288.203µs
2026/04/22 13:50:22 "GET http://localhost:8080/api/agents?company_id=1 HTTP/1.1" from [::1]:60620 - 200 571B in 390.354µs
2026/04/22 13:50:22 "GET http://localhost:8080/api/tasks?company_id=1 HTTP/1.1" from [::1]:42606 - 200 2B in 288.573µs
2026/04/22 13:50:22 "POST http://localhost:8080/api/tasks HTTP/1.1" from [::1]:42606 - 201 752B in 18.22604ms
2026/04/22 13:50:22 "GET http://localhost:8080/api/tasks?company_id=1&archived=false HTTP/1.1" from [::1]:60620 - 200 754B in 575.097µs
2026/04/22 13:50:22 "GET http://localhost:8080/api/tasks?company_id=1&archived=false HTTP/1.1" from [::1]:60620 - 200 754B in 469.997µs
2026/04/22 13:50:22 "GET http://localhost:8080/api/projects?company_id=1 HTTP/1.1" from [::1]:60620 - 200 327B in 307.46µs
2026/04/22 13:50:22 "GET http://localhost:8080/api/sprints?company_id=1 HTTP/1.1" from [::1]:42606 - 200 345B in 242.819µs
2026/04/22 13:50:22 "GET http://localhost:8080/api/agents?company_id=1 HTTP/1.1" from [::1]:60604 - 200 571B in 378.514µs
2026/04/22 13:50:22 "GET http://localhost:8080/api/tasks/1 HTTP/1.1" from [::1]:60606 - 200 752B in 517.352µs
2026/04/22 13:50:22 "GET http://localhost:8080/api/comments?task_id=1 HTTP/1.1" from [::1]:60620 - 200 2B in 328.617µs
2026/04/22 13:50:22 "GET http://localhost:8080/api/ws HTTP/1.1" from [::1]:42612 - 000 0B in 89.312µs
2026/04/22 13:50:22 "GET http://localhost:8080/api/tasks?company_id=1 HTTP/1.1" from [::1]:42626 - 200 754B in 535.795µs
2026/04/22 13:50:22 "POST http://localhost:8080/api/comments HTTP/1.1" from [::1]:42626 - 201 904B in 4.035958ms
2026/04/22 13:50:23 "GET http://localhost:8080/api/tasks?company_id=1&archived=false HTTP/1.1" from [::1]:42626 - 200 751B in 377.266µs
2026/04/22 13:50:23 "GET http://localhost:8080/companies/pw-inc HTTP/1.1" from [::1]:42628 - 200 458B in 64.573µs
2026/04/22 13:50:23 "GET http://localhost:8080/assets/index-D0VPBroB.css HTTP/1.1" from [::1]:42644 - 200 29293B in 210.021µs
2026/04/22 13:50:23 "GET http://localhost:8080/assets/index-Co_tuGck.js HTTP/1.1" from [::1]:42628 - 200 434857B in 712.482µs
2026/04/22 13:50:23 "GET http://localhost:8080/api/companies HTTP/1.1" from [::1]:42628 - 200 166B in 513.873µs
2026/04/22 13:50:23 "GET http://localhost:8080/api/activities?company_id=1 HTTP/1.1" from [::1]:42628 - 200 1370B in 391.298µs
2026/04/22 13:50:24 "GET http://localhost:8080/api/settings HTTP/1.1" from [::1]:42628 - 200 85B in 260.167µs
2026/04/22 13:50:24 "POST http://localhost:8080/api/settings HTTP/1.1" from [::1]:42628 - 200 65B in 324.945µs
2026/04/22 13:50:24 "PUT http://localhost:8080/api/companies/1 HTTP/1.1" from [::1]:42628 - 200 160B in 4.082543ms
2026/04/22 13:50:25 "GET http://localhost:8080/companies/nw HTTP/1.1" from [::1]:42652 - 200 458B in 89.769µs
2026/04/22 13:50:25 "GET http://localhost:8080/assets/index-D0VPBroB.css HTTP/1.1" from [::1]:42658 - 200 29293B in 246.572µs
2026/04/22 13:50:25 "GET http://localhost:8080/assets/index-Co_tuGck.js HTTP/1.1" from [::1]:42652 - 200 434857B in 2.160588ms
2026/04/22 13:50:26 "GET http://localhost:8080/api/companies HTTP/1.1" from [::1]:42652 - 200 162B in 312.345µs
2026/04/22 13:50:26 "GET http://localhost:8080/api/activities?company_id=1 HTTP/1.1" from [::1]:42652 - 200 1370B in 445.925µs
2026/04/22 13:50:26 "GET http://localhost:8080/api/providers HTTP/1.1" from [::1]:42652 - 200 248B in 321.631µs
2026/04/22 13:50:26 "POST http://localhost:8080/api/companies HTTP/1.1" from [::1]:42652 - 201 167B in 8.44729ms
2026/04/22 13:50:26 "POST http://localhost:8080/api/agents HTTP/1.1" from [::1]:42652 - 201 570B in 9.026838ms
2026/04/22 13:50:26 "GET http://localhost:8080/companies/second-co HTTP/1.1" from [::1]:42652 - 200 458B in 65.664µs
2026/04/22 13:50:26 "GET http://localhost:8080/assets/index-Co_tuGck.js HTTP/1.1" from [::1]:42652 - 200 434857B in 286.869µs
2026/04/22 13:50:26 "GET http://localhost:8080/assets/index-D0VPBroB.css HTTP/1.1" from [::1]:42658 - 200 29293B in 106.071µs
2026/04/22 13:50:26 "GET http://localhost:8080/api/companies HTTP/1.1" from [::1]:42652 - 200 330B in 319.61µs
2026/04/22 13:50:26 "GET http://localhost:8080/api/activities?company_id=2 HTTP/1.1" from [::1]:42652 - 200 550B in 335.431µs
2026/04/22 13:50:28 "GET http://localhost:8080/companies/nw HTTP/1.1" from [::1]:42652 - 200 458B in 36.125µs
2026/04/22 13:50:28 "GET http://localhost:8080/assets/index-D0VPBroB.css HTTP/1.1" from [::1]:42658 - 200 29293B in 144.005µs
2026/04/22 13:50:28 "GET http://localhost:8080/assets/index-Co_tuGck.js HTTP/1.1" from [::1]:42652 - 200 434857B in 518.077µs
2026/04/22 13:50:28 "GET http://localhost:8080/api/companies HTTP/1.1" from [::1]:42652 - 200 330B in 361.596µs
2026/04/22 13:50:28 "GET http://localhost:8080/api/activities?company_id=1 HTTP/1.1" from [::1]:42652 - 200 1370B in 524.532µs
