2026/04/22 06:56:47 Connecting to SQLite database
2026/04/22 06:56:47 Running AutoMigrate...
2026/04/22 06:56:47 Starting server on port 8080
2026/04/22 06:56:58 "GET http://localhost:8080/ HTTP/1.1" from [::1]:41932 - 200 458B in 15.451295ms
2026/04/22 06:56:58 "GET http://localhost:8080/assets/index-D0VPBroB.css HTTP/1.1" from [::1]:41938 - 200 29293B in 8.559687ms
2026/04/22 06:56:58 "GET http://localhost:8080/assets/index-Co_tuGck.js HTTP/1.1" from [::1]:41932 - 200 434857B in 24.208878ms
2026/04/22 06:56:59 "GET http://localhost:8080/api/companies HTTP/1.1" from [::1]:41932 - 200 2B in 589.8µs
2026/04/22 06:56:59 "GET http://localhost:8080/add-company HTTP/1.1" from [::1]:41932 - 200 458B in 42.752µs
2026/04/22 06:56:59 "GET http://localhost:8080/assets/index-D0VPBroB.css HTTP/1.1" from [::1]:41938 - 200 29293B in 221.97µs
2026/04/22 06:56:59 "GET http://localhost:8080/assets/index-Co_tuGck.js HTTP/1.1" from [::1]:41932 - 200 434857B in 372.71µs
2026/04/22 06:56:59 "GET http://localhost:8080/api/companies HTTP/1.1" from [::1]:41932 - 200 2B in 448.813µs
2026/04/22 06:56:59 "POST http://localhost:8080/api/providers/test HTTP/1.1" from [::1]:41932 - 200 94B in 412.415µs
2026/04/22 06:57:00 "POST http://localhost:8080/api/providers HTTP/1.1" from [::1]:41932 - 201 246B in 5.032229ms
2026/04/22 06:57:00 "POST http://localhost:8080/api/companies HTTP/1.1" from [::1]:41932 - 201 164B in 29.03927ms
2026/04/22 06:57:00 "POST http://localhost:8080/api/agents HTTP/1.1" from [::1]:41932 - 201 569B in 14.200368ms
2026/04/22 06:57:00 "GET http://localhost:8080/companies/pw-inc HTTP/1.1" from [::1]:41932 - 200 458B in 45.955µs
2026/04/22 06:57:00 "GET http://localhost:8080/assets/index-D0VPBroB.css HTTP/1.1" from [::1]:41938 - 200 29293B in 276.762µs
2026/04/22 06:57:00 "GET http://localhost:8080/assets/index-Co_tuGck.js HTTP/1.1" from [::1]:41932 - 200 434857B in 4.823754ms
2026/04/22 06:57:00 "GET http://localhost:8080/api/companies HTTP/1.1" from [::1]:41932 - 200 166B in 438.512µs
2026/04/22 06:57:00 "GET http://localhost:8080/api/activities?company_id=1 HTTP/1.1" from [::1]:41932 - 200 550B in 613.797µs
2026/04/22 06:57:02 "GET http://localhost:8080/companies/pw-inc HTTP/1.1" from [::1]:41932 - 200 458B in 39.051µs
2026/04/22 06:57:02 "GET http://localhost:8080/assets/index-D0VPBroB.css HTTP/1.1" from [::1]:41938 - 200 29293B in 247.158µs
2026/04/22 06:57:02 "GET http://localhost:8080/assets/index-Co_tuGck.js HTTP/1.1" from [::1]:41932 - 200 434857B in 1.507876ms
2026/04/22 06:57:02 "GET http://localhost:8080/api/companies HTTP/1.1" from [::1]:41932 - 200 166B in 1.06352ms
2026/04/22 06:57:02 "GET http://localhost:8080/api/activities?company_id=1 HTTP/1.1" from [::1]:41932 - 200 550B in 641.119µs
2026/04/22 06:57:02 "GET http://localhost:8080/companies/pw-inc/agents/1 HTTP/1.1" from [::1]:41932 - 200 458B in 37.866µs
2026/04/22 06:57:02 "GET http://localhost:8080/assets/index-D0VPBroB.css HTTP/1.1" from [::1]:41938 - 200 29293B in 767.26µs
2026/04/22 06:57:02 "GET http://localhost:8080/assets/index-Co_tuGck.js HTTP/1.1" from [::1]:41932 - 200 434857B in 1.412123ms
2026/04/22 06:57:02 "GET http://localhost:8080/api/companies HTTP/1.1" from [::1]:41932 - 200 166B in 300.447µs
2026/04/22 06:57:02 "GET http://localhost:8080/api/agents/1 HTTP/1.1" from [::1]:41932 - 200 569B in 332.794µs
2026/04/22 06:57:02 "GET http://localhost:8080/api/agents/1/stats HTTP/1.1" from [::1]:41938 - 200 77B in 403.778µs
2026/04/22 06:57:02 "GET http://localhost:8080/api/providers HTTP/1.1" from [::1]:44100 - 200 248B in 346.795µs
2026/04/22 06:57:02 "GET http://localhost:8080/companies/pw-inc HTTP/1.1" from [::1]:44100 - 200 458B in 34.896µs
2026/04/22 06:57:02 "GET http://localhost:8080/assets/index-D0VPBroB.css HTTP/1.1" from [::1]:41938 - 200 29293B in 218.741µs
2026/04/22 06:57:02 "GET http://localhost:8080/assets/index-Co_tuGck.js HTTP/1.1" from [::1]:44100 - 200 434857B in 391.947µs
2026/04/22 06:57:02 "GET http://localhost:8080/api/companies HTTP/1.1" from [::1]:44100 - 200 166B in 297.345µs
2026/04/22 06:57:02 "GET http://localhost:8080/api/activities?company_id=1 HTTP/1.1" from [::1]:44100 - 200 550B in 655.275µs
2026/04/22 06:57:02 "GET http://localhost:8080/api/companies HTTP/1.1" from [::1]:44100 - 200 166B in 1.752797ms
2026/04/22 06:57:02 "GET http://localhost:8080/api/projects?company_id=1 HTTP/1.1" from [::1]:41938 - 200 2B in 348.928µs
2026/04/22 06:57:02 "POST http://localhost:8080/api/projects HTTP/1.1" from [::1]:41938 - 201 325B in 11.521087ms
2026/04/22 06:57:02 "GET http://localhost:8080/api/projects?company_id=1 HTTP/1.1" from [::1]:41938 - 200 327B in 375.783µs
2026/04/22 06:57:03 "GET http://localhost:8080/companies/pw-inc/tasks HTTP/1.1" from [::1]:41938 - 200 458B in 35.302µs
2026/04/22 06:57:03 "GET http://localhost:8080/assets/index-D0VPBroB.css HTTP/1.1" from [::1]:44100 - 200 29293B in 136.743µs
2026/04/22 06:57:03 "GET http://localhost:8080/assets/index-Co_tuGck.js HTTP/1.1" from [::1]:41938 - 200 434857B in 2.479675ms
2026/04/22 06:57:03 "GET http://localhost:8080/api/companies HTTP/1.1" from [::1]:41938 - 200 166B in 353.717µs
2026/04/22 06:57:03 "GET http://localhost:8080/api/projects?company_id=1 HTTP/1.1" from [::1]:41938 - 200 327B in 315.47µs
2026/04/22 06:57:03 "GET http://localhost:8080/api/sprints?company_id=1 HTTP/1.1" from [::1]:44100 - 200 2B in 296.582µs
2026/04/22 06:57:03 "GET http://localhost:8080/api/tasks?company_id=1&archived=false HTTP/1.1" from [::1]:41932 - 200 2B in 384.017µs
2026/04/22 06:57:03 "GET http://localhost:8080/api/ws HTTP/1.1" from [::1]:44106 - 000 0B in 257.345µs
2026/04/22 06:57:04 "GET http://localhost:8080/companies/pw-inc/sprints HTTP/1.1" from [::1]:41932 - 200 458B in 36.526µs
2026/04/22 06:57:04 "GET http://localhost:8080/assets/index-D0VPBroB.css HTTP/1.1" from [::1]:44100 - 200 29293B in 536.064µs
2026/04/22 06:57:04 "GET http://localhost:8080/assets/index-Co_tuGck.js HTTP/1.1" from [::1]:41932 - 200 434857B in 2.45217ms
2026/04/22 06:57:04 "GET http://localhost:8080/api/companies HTTP/1.1" from [::1]:41932 - 200 166B in 283.216µs
2026/04/22 06:57:04 "GET http://localhost:8080/api/sprints?company_id=1 HTTP/1.1" from [::1]:41932 - 200 2B in 317.686µs
2026/04/22 06:57:04 "POST http://localhost:8080/api/sprints HTTP/1.1" from [::1]:41932 - 201 339B in 12.483523ms
2026/04/22 06:57:04 "GET http://localhost:8080/api/sprints?company_id=1 HTTP/1.1" from [::1]:41932 - 200 341B in 374.457µs
2026/04/22 06:57:04 "GET http://localhost:8080/companies/pw-inc/tasks HTTP/1.1" from [::1]:41932 - 200 458B in 58.643µs
2026/04/22 06:57:04 "GET http://localhost:8080/assets/index-D0VPBroB.css HTTP/1.1" from [::1]:44100 - 200 29293B in 119.18µs
2026/04/22 06:57:04 "GET http://localhost:8080/assets/index-Co_tuGck.js HTTP/1.1" from [::1]:41932 - 200 434857B in 2.1108ms
2026/04/22 06:57:04 "GET http://localhost:8080/api/companies HTTP/1.1" from [::1]:41932 - 200 166B in 393.832µs
2026/04/22 06:57:04 "GET http://localhost:8080/api/projects?company_id=1 HTTP/1.1" from [::1]:41932 - 200 327B in 302.948µs
2026/04/22 06:57:04 "GET http://localhost:8080/api/sprints?company_id=1 HTTP/1.1" from [::1]:44100 - 200 341B in 271.407µs
2026/04/22 06:57:04 "GET http://localhost:8080/api/tasks?company_id=1&archived=false HTTP/1.1" from [::1]:41932 - 200 2B in 482.609µs
2026/04/22 06:57:04 "GET http://localhost:8080/api/ws HTTP/1.1" from [::1]:44108 - 000 0B in 760.426µs
2026/04/22 06:57:05 "GET http://localhost:8080/api/sprints?company_id=1 HTTP/1.1" from [::1]:44100 - 200 341B in 371.635µs
2026/04/22 06:57:05 "GET http://localhost:8080/api/projects?company_id=1 HTTP/1.1" from [::1]:41932 - 200 327B in 5.224652ms
2026/04/22 06:57:05 "GET http://localhost:8080/api/agents?company_id=1 HTTP/1.1" from [::1]:41938 - 200 571B in 385.629µs
2026/04/22 06:57:05 "GET http://localhost:8080/api/tasks?company_id=1 HTTP/1.1" from [::1]:44100 - 200 2B in 273.608µs
2026/04/22 06:57:05 "POST http://localhost:8080/api/tasks HTTP/1.1" from [::1]:44100 - 201 752B in 15.214367ms
2026/04/22 06:57:05 "GET http://localhost:8080/api/tasks?company_id=1&archived=false HTTP/1.1" from [::1]:41932 - 200 754B in 4.217394ms
2026/04/22 06:57:05 "GET http://localhost:8080/api/tasks?company_id=1&archived=false HTTP/1.1" from [::1]:41932 - 200 754B in 403.509µs
2026/04/22 06:57:05 "GET http://localhost:8080/api/projects?company_id=1 HTTP/1.1" from [::1]:41932 - 200 327B in 425.294µs
2026/04/22 06:57:05 "GET http://localhost:8080/api/comments?task_id=1 HTTP/1.1" from [::1]:41932 - 200 2B in 367.487µs
2026/04/22 06:57:05 "GET http://localhost:8080/api/tasks/1 HTTP/1.1" from [::1]:44100 - 200 752B in 317.501µs
2026/04/22 06:57:05 "GET http://localhost:8080/api/ws HTTP/1.1" from [::1]:44152 - 000 0B in 61.958µs
2026/04/22 06:57:05 "GET http://localhost:8080/api/tasks?company_id=1 HTTP/1.1" from [::1]:44136 - 200 754B in 258.198µs
2026/04/22 06:57:05 "GET http://localhost:8080/api/agents?company_id=1 HTTP/1.1" from [::1]:44122 - 200 571B in 1.188973ms
2026/04/22 06:57:05 "GET http://localhost:8080/api/sprints?company_id=1 HTTP/1.1" from [::1]:41938 - 200 341B in 955.236µs
2026/04/22 06:57:05 "POST http://localhost:8080/api/comments HTTP/1.1" from [::1]:41938 - 201 908B in 6.820732ms
2026/04/22 06:57:06 "GET http://localhost:8080/api/tasks?company_id=1&archived=false HTTP/1.1" from [::1]:41938 - 200 751B in 772.21µs
2026/04/22 06:57:06 "GET http://localhost:8080/companies/pw-inc HTTP/1.1" from [::1]:44154 - 200 458B in 65.78µs
2026/04/22 06:57:06 "GET http://localhost:8080/assets/index-D0VPBroB.css HTTP/1.1" from [::1]:44166 - 200 29293B in 180.321µs
2026/04/22 06:57:06 "GET http://localhost:8080/assets/index-Co_tuGck.js HTTP/1.1" from [::1]:44154 - 200 434857B in 3.83017ms
2026/04/22 06:57:06 "GET http://localhost:8080/api/companies HTTP/1.1" from [::1]:44154 - 200 166B in 326.247µs
2026/04/22 06:57:07 "GET http://localhost:8080/api/activities?company_id=1 HTTP/1.1" from [::1]:44154 - 200 1370B in 491.905µs
2026/04/22 06:57:08 "GET http://localhost:8080/api/settings HTTP/1.1" from [::1]:44154 - 200 85B in 163.809µs
2026/04/22 06:57:08 "POST http://localhost:8080/api/settings HTTP/1.1" from [::1]:44154 - 200 65B in 314.609µs
2026/04/22 06:57:08 "PUT http://localhost:8080/api/companies/1 HTTP/1.1" from [::1]:44154 - 200 160B in 4.340303ms
2026/04/22 06:57:09 "GET http://localhost:8080/companies/nw HTTP/1.1" from [::1]:44174 - 200 458B in 64.734µs
2026/04/22 06:57:09 "GET http://localhost:8080/assets/index-D0VPBroB.css HTTP/1.1" from [::1]:44182 - 200 29293B in 886.081µs
2026/04/22 06:57:09 "GET http://localhost:8080/assets/index-Co_tuGck.js HTTP/1.1" from [::1]:44174 - 200 434857B in 3.456721ms
2026/04/22 06:57:09 "GET http://localhost:8080/api/companies HTTP/1.1" from [::1]:44174 - 200 162B in 367.216µs
2026/04/22 06:57:09 "GET http://localhost:8080/api/activities?company_id=1 HTTP/1.1" from [::1]:44174 - 200 1370B in 575.95µs
2026/04/22 06:57:09 "GET http://localhost:8080/api/providers HTTP/1.1" from [::1]:44174 - 200 248B in 459.266µs
2026/04/22 06:57:09 "POST http://localhost:8080/api/companies HTTP/1.1" from [::1]:44174 - 201 167B in 11.979338ms
2026/04/22 06:57:09 "POST http://localhost:8080/api/agents HTTP/1.1" from [::1]:44174 - 201 570B in 12.067965ms
2026/04/22 06:57:09 "GET http://localhost:8080/companies/second-co HTTP/1.1" from [::1]:44174 - 200 458B in 62.44µs
2026/04/22 06:57:09 "GET http://localhost:8080/assets/index-D0VPBroB.css HTTP/1.1" from [::1]:44182 - 200 29293B in 142.322µs
2026/04/22 06:57:09 "GET http://localhost:8080/assets/index-Co_tuGck.js HTTP/1.1" from [::1]:44174 - 200 434857B in 770.448µs
2026/04/22 06:57:09 "GET http://localhost:8080/api/companies HTTP/1.1" from [::1]:44174 - 200 330B in 326.78µs
2026/04/22 06:57:09 "GET http://localhost:8080/api/activities?company_id=2 HTTP/1.1" from [::1]:44174 - 200 550B in 905.029µs
2026/04/22 06:57:11 "GET http://localhost:8080/companies/nw HTTP/1.1" from [::1]:44174 - 200 458B in 82.456µs
2026/04/22 06:57:11 "GET http://localhost:8080/assets/index-D0VPBroB.css HTTP/1.1" from [::1]:44182 - 200 29293B in 102.378µs
2026/04/22 06:57:11 "GET http://localhost:8080/assets/index-Co_tuGck.js HTTP/1.1" from [::1]:44174 - 200 434857B in 607.695µs
2026/04/22 06:57:11 "GET http://localhost:8080/api/companies HTTP/1.1" from [::1]:44174 - 200 330B in 368.221µs
2026/04/22 06:57:11 "GET http://localhost:8080/api/activities?company_id=1 HTTP/1.1" from [::1]:44174 - 200 1370B in 413.589µs
